// Jest Snapshot v1, https://goo.gl/fbAQLP

exports[`renders and behave correctly renders correctly 1`] = `
<View>
  <Text
    style={
      Object {
        "color": "#222222",
        "fontSize": 24,
        "fontWeight": "500",
        "marginVertical": 24,
      }
    }
    testID="approved-food-list-title"
  >
    Approved Foods List
  </Text>
  <View
    style={
      Object {
        "backgroundColor": "#FFFFFF4D",
        "borderRadius": 4,
        "flexDirection": "row",
        "marginBottom": 16,
        "padding": 16,
      }
    }
  >
    <TextInput
      allowFontScaling={true}
      autoCapitalize="none"
      autoCorrect={false}
      onChangeText={[Function]}
      placeholder="Try searching fat, sauces names..."
      placeholderTextColor="#CCCCCC"
      rejectResponderTermination={true}
      style={
        Object {
          "color": "#222222",
          "flex": 1,
          "fontSize": 18,
          "fontWeight": "500",
          "marginLeft": 8,
        }
      }
      testID="food-list-search-input"
      underlineColorAndroid="transparent"
      value=""
    />
  </View>
</View>
`;
